// Jest Snapshot v1, https://goo.gl/fbAQLP

exports[`values at the edges 1`] = `"1test2"`;
