// Jest Snapshot v1, https://goo.gl/fbAQLP

exports[`a sync function error should be caught and thrown in the stream 1`] = `"12"`;
